
04/02/2025 12:15:34 - INFO - Will generate 10 examples
04/02/2025 12:15:34 - INFO - Generating for examples 0 to 10
C:\Users\Voyager\anaconda3\envs\NLP\lib\site-packages\transformers\generation\utils.py:1338: UserWarning: You have modified the pretrained model configuration to control generation. This is a deprecated strategy to control generation and will be removed in v5. Please use and modify the model generation configuration (see https://huggingface.co/docs/transformers/generation_strategies#default-text-generation-configuration )
  warnings.warn(
C:\Users\Voyager\anaconda3\envs\NLP\lib\site-packages\transformers\generation\configuration_utils.py:601: UserWarning: `do_sample` is set to `False`. However, `temperature` is set to `0.9` -- this flag is only used in sample-based generation modes. You should set `do_sample=True` or unset `temperature`.
  warnings.warn(
C:\Users\Voyager\anaconda3\envs\NLP\lib\site-packages\transformers\generation\configuration_utils.py:606: UserWarning: `do_sample` is set to `False`. However, `top_p` is set to `0.9` -- this flag is only used in sample-based generation modes. You should set `do_sample=True` or unset `top_p`.
  warnings.warn(
C:\Users\Voyager\anaconda3\envs\NLP\lib\site-packages\transformers\models\bart\modeling_bart.py:497: UserWarning: 1Torch was not compiled with flash attention. (Triggered internally at C:\actions-runner\_work\pytorch\pytorch\builder\windows\pytorch\aten\src\ATen\native\transformers\cuda\sdp_utils.cpp:555.)
  attn_output = torch.nn.functional.scaled_dot_product_attention(
04/02/2025 12:16:46 - INFO - Generated 10/10 examples
04/02/2025 12:16:46 - INFO - Using spaCy for tokenization
04/02/2025 12:16:48 - INFO - Evaluation Results:
04/02/2025 12:16:48 - INFO - compression_ratio: 0.7727
04/02/2025 12:16:48 - INFO - word_count: 204.0000
04/02/2025 12:16:48 - INFO - sentence_count: 12.8000
04/02/2025 12:16:48 - INFO - words_per_sentence: 16.6410
04/02/2025 12:16:48 - INFO - length_ratio: 1.7635
04/02/2025 12:16:48 - INFO - Saved generations with metrics to D:/Para-Level-Summ Data/trained_models/bart-cnn-ul_both/generations\test_generations_with_metrics.json

Generation complete!
Output saved to: D:/Para-Level-Summ Data/trained_models/bart-cnn-ul_both/generations