2025-04-01 09:23:28,768 - INFO - Logging to file: c:\Users\Voyager\Paragraph-level-Simplification-of-Medical-Texts-main\modeling\logr_training.log
2025-04-01 09:23:28,768 - INFO - Starting logistic regression training process
2025-04-01 09:23:28,768 - INFO - Initializing BART tokenizer
2025-04-01 09:23:30,572 - INFO - Tokenizer loaded with vocabulary size: 50265
2025-04-01 09:23:30,573 - INFO - Data file found: D:\Para-Level-Summ Data\data\data_final_1024.json
2025-04-01 09:23:30,573 - INFO - Starting model training
2025-04-01 09:23:30,574 - INFO - Training logistic regression model with data from D:\Para-Level-Summ Data\data\data_final_1024.json
2025-04-01 09:23:30,574 - INFO - Constructing dataset
2025-04-01 09:23:30,575 - INFO - Loading data from file: D:\Para-Level-Summ Data\data\data_final_1024.json
2025-04-01 09:23:30,641 - INFO - Data type: <class 'list'>
2025-04-01 09:23:30,641 - INFO - First item type: <class 'dict'>
2025-04-01 09:23:30,641 - INFO - First item keys: dict_keys(['doi', 'abstract', 'pls'])
2025-04-01 09:23:30,641 - INFO - Abstract type: <class 'str'>
2025-04-01 09:23:30,641 - INFO - PLS type: <class 'str'>
2025-04-01 09:23:30,641 - INFO - Sample data: {'doi': '10.1002/14651858.CD001836.pub4', 'abstract': 'Two trials met the inclusion criteria. One compared 2% ketanserin ointment in polyethylene glycol (PEG) with PEG alone, used twice a day by 40 participants with arterial leg ulcers, for eight weeks or until healing, whichever was sooner. One com...
2025-04-01 09:23:30,641 - INFO - Dataset contains 4459 articles
2025-04-01 09:23:30,641 - INFO - Data shuffled
2025-04-01 09:23:30,650 - INFO - Created feature matrix of shape (8918, 50265)
2025-04-01 09:23:30,650 - INFO - Processed 0/4459 articles
2025-04-01 09:23:31,365 - INFO - Processed 100/4459 articles
2025-04-01 09:23:32,017 - INFO - Processed 200/4459 articles
2025-04-01 09:23:32,657 - INFO - Processed 300/4459 articles
2025-04-01 09:23:33,211 - INFO - Processed 400/4459 articles
2025-04-01 09:23:33,834 - INFO - Processed 500/4459 articles
2025-04-01 09:23:34,416 - INFO - Processed 600/4459 articles
2025-04-01 09:23:35,017 - INFO - Processed 700/4459 articles
2025-04-01 09:23:35,595 - INFO - Processed 800/4459 articles
2025-04-01 09:23:36,196 - INFO - Processed 900/4459 articles
2025-04-01 09:23:36,738 - INFO - Processed 1000/4459 articles
2025-04-01 09:23:37,336 - INFO - Processed 1100/4459 articles
2025-04-01 09:23:37,929 - INFO - Processed 1200/4459 articles
2025-04-01 09:23:38,504 - INFO - Processed 1300/4459 articles
2025-04-01 09:23:39,081 - INFO - Processed 1400/4459 articles
2025-04-01 09:23:39,667 - INFO - Processed 1500/4459 articles
2025-04-01 09:23:40,255 - INFO - Processed 1600/4459 articles
2025-04-01 09:23:40,811 - INFO - Processed 1700/4459 articles
2025-04-01 09:23:41,368 - INFO - Processed 1800/4459 articles
2025-04-01 09:23:41,950 - INFO - Processed 1900/4459 articles
2025-04-01 09:23:42,509 - INFO - Processed 2000/4459 articles
2025-04-01 09:23:43,087 - INFO - Processed 2100/4459 articles
2025-04-01 09:23:43,643 - INFO - Processed 2200/4459 articles
2025-04-01 09:23:44,252 - INFO - Processed 2300/4459 articles
2025-04-01 09:23:44,801 - INFO - Processed 2400/4459 articles
2025-04-01 09:23:45,357 - INFO - Processed 2500/4459 articles
2025-04-01 09:23:45,908 - INFO - Processed 2600/4459 articles
2025-04-01 09:23:46,452 - INFO - Processed 2700/4459 articles
2025-04-01 09:23:46,976 - INFO - Processed 2800/4459 articles
2025-04-01 09:23:47,536 - INFO - Processed 2900/4459 articles
2025-04-01 09:23:48,123 - INFO - Processed 3000/4459 articles
2025-04-01 09:23:48,704 - INFO - Processed 3100/4459 articles
2025-04-01 09:23:49,286 - INFO - Processed 3200/4459 articles
2025-04-01 09:23:49,859 - INFO - Processed 3300/4459 articles
2025-04-01 09:23:50,405 - INFO - Processed 3400/4459 articles
2025-04-01 09:23:50,966 - INFO - Processed 3500/4459 articles
2025-04-01 09:23:51,523 - INFO - Processed 3600/4459 articles
2025-04-01 09:23:52,130 - INFO - Processed 3700/4459 articles
2025-04-01 09:23:52,688 - INFO - Processed 3800/4459 articles
2025-04-01 09:23:53,267 - INFO - Processed 3900/4459 articles
2025-04-01 09:23:53,823 - INFO - Processed 4000/4459 articles
2025-04-01 09:23:54,417 - INFO - Processed 4100/4459 articles
2025-04-01 09:23:54,918 - INFO - Processed 4200/4459 articles
2025-04-01 09:23:55,521 - INFO - Processed 4300/4459 articles
2025-04-01 09:23:56,055 - INFO - Processed 4400/4459 articles
2025-04-01 09:23:56,402 - INFO - Dataset construction completed in 25.83 seconds
2025-04-01 09:23:56,402 - INFO - Final dataset shape: X=(8918, 50265), y=(8918,), Class distribution: 0=4459, 1=4459
2025-04-01 09:23:56,417 - INFO - Dataset loaded: 8918 samples with 50265 features
2025-04-01 09:23:56,417 - INFO - Normalizing features
2025-04-01 09:23:57,980 - INFO - Training logistic regression model
2025-04-01 09:24:03,935 - INFO - Model training completed. Score on training data: 0.9406
2025-04-01 09:24:03,936 - INFO - Saving model to D:\Para-Level-Summ Data\data\logr_model\model.joblib
2025-04-01 09:24:03,939 - INFO - Model saved successfully
2025-04-01 09:24:03,939 - INFO - Extracting and sorting vocabulary weights
2025-04-01 09:24:03,939 - INFO - Getting vocabulary from tokenizer
2025-04-01 09:24:05,002 - INFO - Vocabulary size: 50265
2025-04-01 09:24:05,002 - INFO - Sorting weights
2025-04-01 09:24:05,031 - INFO - Sorted 50242 vocabulary items by weight
2025-04-01 09:24:05,032 - INFO - Writing IDs weights to D:\Para-Level-Summ Data\data\logr_weights\bart_freq_normalized_ids.txt
2025-04-01 09:24:05,084 - INFO - Writing token weights to D:\Para-Level-Summ Data\data\logr_weights\bart_freq_normalized_tokens.txt
2025-04-01 09:24:05,123 - INFO - Top 10 words more common in simplified text:
2025-04-01 09:24:05,123 - INFO -    people: 4.6767
2025-04-01 09:24:05,134 - INFO -    review: 4.6289
2025-04-01 09:24:05,134 - INFO -    We: 4.5104
2025-04-01 09:24:05,134 - INFO -   This: 3.4421
2025-04-01 09:24:05,134 - INFO -    that: 2.8855
2025-04-01 09:24:05,134 - INFO -    The: 2.7952
2025-04-01 09:24:05,134 - INFO -    side: 2.7505
2025-04-01 09:24:05,134 - INFO -    who: 2.6718
2025-04-01 09:24:05,134 - INFO -    blood: 2.5518
2025-04-01 09:24:05,136 - INFO -    found: 2.5074
2025-04-01 09:24:05,136 - INFO - Top 10 words more common in technical text:
2025-04-01 09:24:05,136 - INFO -    0: -7.2203
2025-04-01 09:24:05,136 - INFO -   .: -6.0685
2025-04-01 09:24:05,136 - INFO -   %: -5.3651
2025-04-01 09:24:05,136 - INFO -    CI: -4.9766
2025-04-01 09:24:05,136 - INFO -   ;: -4.7562
2025-04-01 09:24:05,136 - INFO -    95: -4.5845
2025-04-01 09:24:05,136 - INFO -    significant: -4.3092
2025-04-01 09:24:05,136 - INFO -    R: -3.7369
2025-04-01 09:24:05,136 - INFO -    1: -3.6935
2025-04-01 09:24:05,138 - INFO -    There: -3.5220
2025-04-01 09:24:05,138 - INFO - Training and weight extraction completed in 34.56 seconds
2025-04-01 09:24:05,270 - INFO - Model training completed successfully
2025-04-01 09:24:05,270 - INFO - Starting cross-validation
2025-04-01 09:24:05,271 - INFO - Performing 5-fold cross-validation with data from D:\Para-Level-Summ Data\data\data_final_1024.json
2025-04-01 09:24:05,271 - INFO - Constructing dataset
2025-04-01 09:24:05,271 - INFO - Loading data from file: D:\Para-Level-Summ Data\data\data_final_1024.json
2025-04-01 09:24:05,338 - INFO - Data type: <class 'list'>
2025-04-01 09:24:05,338 - INFO - First item type: <class 'dict'>
2025-04-01 09:24:05,339 - INFO - First item keys: dict_keys(['doi', 'abstract', 'pls'])
2025-04-01 09:24:05,339 - INFO - Abstract type: <class 'str'>
2025-04-01 09:24:05,339 - INFO - PLS type: <class 'str'>
2025-04-01 09:24:05,340 - INFO - Sample data: {'doi': '10.1002/14651858.CD001836.pub4', 'abstract': 'Two trials met the inclusion criteria. One compared 2% ketanserin ointment in polyethylene glycol (PEG) with PEG alone, used twice a day by 40 participants with arterial leg ulcers, for eight weeks or until healing, whichever was sooner. One com...
2025-04-01 09:24:05,340 - INFO - Dataset contains 4459 articles
2025-04-01 09:24:05,342 - INFO - Data shuffled
2025-04-01 09:24:05,342 - INFO - Created feature matrix of shape (8918, 50265)
2025-04-01 09:24:05,343 - INFO - Processed 0/4459 articles
2025-04-01 09:24:05,874 - INFO - Processed 100/4459 articles
2025-04-01 09:24:06,440 - INFO - Processed 200/4459 articles
2025-04-01 09:24:06,949 - INFO - Processed 300/4459 articles
2025-04-01 09:24:07,486 - INFO - Processed 400/4459 articles
2025-04-01 09:24:08,036 - INFO - Processed 500/4459 articles
2025-04-01 09:24:08,603 - INFO - Processed 600/4459 articles
2025-04-01 09:24:09,160 - INFO - Processed 700/4459 articles
2025-04-01 09:24:09,677 - INFO - Processed 800/4459 articles
2025-04-01 09:24:10,188 - INFO - Processed 900/4459 articles
2025-04-01 09:24:10,701 - INFO - Processed 1000/4459 articles
2025-04-01 09:24:11,235 - INFO - Processed 1100/4459 articles
2025-04-01 09:24:11,786 - INFO - Processed 1200/4459 articles
2025-04-01 09:24:12,335 - INFO - Processed 1300/4459 articles
2025-04-01 09:24:12,919 - INFO - Processed 1400/4459 articles
2025-04-01 09:24:13,455 - INFO - Processed 1500/4459 articles
2025-04-01 09:24:13,987 - INFO - Processed 1600/4459 articles
2025-04-01 09:24:14,539 - INFO - Processed 1700/4459 articles
2025-04-01 09:24:15,070 - INFO - Processed 1800/4459 articles
2025-04-01 09:24:15,621 - INFO - Processed 1900/4459 articles
2025-04-01 09:24:16,194 - INFO - Processed 2000/4459 articles
2025-04-01 09:24:16,717 - INFO - Processed 2100/4459 articles
2025-04-01 09:24:17,271 - INFO - Processed 2200/4459 articles
2025-04-01 09:24:17,796 - INFO - Processed 2300/4459 articles
2025-04-01 09:24:18,305 - INFO - Processed 2400/4459 articles
2025-04-01 09:24:18,848 - INFO - Processed 2500/4459 articles
2025-04-01 09:24:19,404 - INFO - Processed 2600/4459 articles
2025-04-01 09:24:19,969 - INFO - Processed 2700/4459 articles
2025-04-01 09:24:20,504 - INFO - Processed 2800/4459 articles
2025-04-01 09:24:21,093 - INFO - Processed 2900/4459 articles
2025-04-01 09:24:21,641 - INFO - Processed 3000/4459 articles
2025-04-01 09:24:22,191 - INFO - Processed 3100/4459 articles
2025-04-01 09:24:22,774 - INFO - Processed 3200/4459 articles
2025-04-01 09:24:23,337 - INFO - Processed 3300/4459 articles
2025-04-01 09:24:23,919 - INFO - Processed 3400/4459 articles
2025-04-01 09:24:24,469 - INFO - Processed 3500/4459 articles
2025-04-01 09:24:25,035 - INFO - Processed 3600/4459 articles
2025-04-01 09:24:25,641 - INFO - Processed 3700/4459 articles
2025-04-01 09:24:26,140 - INFO - Processed 3800/4459 articles
2025-04-01 09:24:26,670 - INFO - Processed 3900/4459 articles
2025-04-01 09:24:27,198 - INFO - Processed 4000/4459 articles
2025-04-01 09:24:27,758 - INFO - Processed 4100/4459 articles
2025-04-01 09:24:28,302 - INFO - Processed 4200/4459 articles
2025-04-01 09:24:28,851 - INFO - Processed 4300/4459 articles
2025-04-01 09:24:29,368 - INFO - Processed 4400/4459 articles
2025-04-01 09:24:29,682 - INFO - Dataset construction completed in 24.41 seconds
2025-04-01 09:24:29,683 - INFO - Final dataset shape: X=(8918, 50265), y=(8918,), Class distribution: 0=4459, 1=4459
2025-04-01 09:24:29,687 - INFO - Dataset loaded: 8918 samples with 50265 features
2025-04-01 09:24:29,687 - INFO - Starting 5-fold cross-validation
2025-04-01 09:24:29,688 - INFO - Starting fold 1/5
2025-04-01 09:24:29,690 - INFO - Fold 1: Train size=7134, Test size=1784
2025-04-01 09:24:29,705 - INFO - Fold 1 class distribution - Train: {0: 3567, 1: 3567}, Test: {0: 892, 1: 892}
2025-04-01 09:24:29,705 - INFO - Fold 1: Normalizing features
2025-04-01 09:24:31,484 - INFO - Fold 1: Training model
2025-04-01 09:24:35,520 - INFO - Fold 1: Predicting on test set
2025-04-01 09:24:35,656 - INFO - Fold 1 accuracy: 0.9288 (completed in 5.97 seconds)
2025-04-01 09:24:35,656 - INFO - Starting fold 2/5
2025-04-01 09:24:35,657 - INFO - Fold 2: Train size=7134, Test size=1784
2025-04-01 09:24:35,747 - INFO - Fold 2 class distribution - Train: {0: 3567, 1: 3567}, Test: {0: 892, 1: 892}
2025-04-01 09:24:35,747 - INFO - Fold 2: Normalizing features
2025-04-01 09:24:37,541 - INFO - Fold 2: Training model
2025-04-01 09:24:41,570 - INFO - Fold 2: Predicting on test set
2025-04-01 09:24:41,728 - INFO - Fold 2 accuracy: 0.9299 (completed in 6.07 seconds)
2025-04-01 09:24:41,729 - INFO - Starting fold 3/5
2025-04-01 09:24:41,729 - INFO - Fold 3: Train size=7134, Test size=1784
2025-04-01 09:24:41,809 - INFO - Fold 3 class distribution - Train: {0: 3567, 1: 3567}, Test: {0: 892, 1: 892}
2025-04-01 09:24:41,809 - INFO - Fold 3: Normalizing features
2025-04-01 09:24:43,636 - INFO - Fold 3: Training model
2025-04-01 09:24:47,538 - INFO - Fold 3: Predicting on test set
2025-04-01 09:24:47,673 - INFO - Fold 3 accuracy: 0.9299 (completed in 5.94 seconds)
2025-04-01 09:24:47,674 - INFO - Starting fold 4/5
2025-04-01 09:24:47,674 - INFO - Fold 4: Train size=7135, Test size=1783
2025-04-01 09:24:47,764 - INFO - Fold 4 class distribution - Train: {0: 3567, 1: 3568}, Test: {0: 892, 1: 891}
2025-04-01 09:24:47,765 - INFO - Fold 4: Normalizing features
2025-04-01 09:24:49,770 - INFO - Fold 4: Training model
2025-04-01 09:24:54,747 - INFO - Fold 4: Predicting on test set
2025-04-01 09:24:54,909 - INFO - Fold 4 accuracy: 0.9226 (completed in 7.23 seconds)
2025-04-01 09:24:54,910 - INFO - Starting fold 5/5
2025-04-01 09:24:54,910 - INFO - Fold 5: Train size=7135, Test size=1783
2025-04-01 09:24:54,985 - INFO - Fold 5 class distribution - Train: {0: 3568, 1: 3567}, Test: {0: 891, 1: 892}
2025-04-01 09:24:54,985 - INFO - Fold 5: Normalizing features
2025-04-01 09:24:56,916 - INFO - Fold 5: Training model
2025-04-01 09:25:01,487 - INFO - Fold 5: Predicting on test set
2025-04-01 09:25:01,634 - INFO - Fold 5 accuracy: 0.9181 (completed in 6.72 seconds)
2025-04-01 09:25:01,634 - INFO - Cross-validation results: Mean accuracy=0.9259, Std=0.0047
2025-04-01 09:25:01,635 - INFO - Individual fold accuracies: 0.9288, 0.9299, 0.9299, 0.9226, 0.9181
2025-04-01 09:25:01,635 - INFO - Cross-validation completed in 56.36 seconds
2025-04-01 09:25:01,709 - INFO - Cross-validation completed successfully
2025-04-01 09:25:01,709 - INFO - Script execution completed
